main.c:128:5:main	16	static
main.c:190:6:SystemClock_Config	88	static
main.c:235:13:MX_USART2_UART_Init	8	static
main.c:266:13:MX_DMA_Init	16	static
main.c:287:13:MX_GPIO_Init	48	static
main.c:316:6:UARTInit	16	static
main.c:327:6:UARTResetStart	16	static
main.c:331:10:UARTGetRxHead	16	static
main.c:335:9:UARTReadChar	32	static
main.c:350:6:UARTTxDumpBuffer	24	static
main.c:376:6:UARTTxWrite	32	static
main.c:401:6:DynamixelProtocal2	112	static
main.c:617:16:update_crc	536	static
main.c:669:6:Error_Handler	4	static,ignoring_inline_asm
